../Core/Src/blau_flash_minimal.c:41:6:bfmin_test	16	static
../Core/Src/blau_flash_minimal.c:83:6:bfmin_init	24	static
../Core/Src/blau_flash_minimal.c:132:6:bfmin_crc_init	8	static
../Core/Src/blau_flash_minimal.c:152:10:bfmin_read_address	16	static
../Core/Src/blau_flash_minimal.c:166:13:bfmin_write	24	static
../Core/Src/blau_flash_minimal.c:195:13:bfmin_reset_counter	8	static
../Core/Src/blau_flash_minimal.c:207:10:bfmin_get_lifetime_in_minutes	8	static
../Core/Src/blau_flash_minimal.c:216:10:bfmin_get_restarts	8	static
../Core/Src/blau_flash_minimal.c:227:13:bfmin_store_parameter	40	static
../Core/Src/blau_flash_minimal.c:270:13:bfmin_read_parameter	16	static
../Core/Src/blau_flash_minimal.c:293:13:bfmin_erase_page	48	static
../Core/Src/blau_flash_minimal.c:313:13:bfmin_reset_memory	40	static
../Core/Src/blau_flash_minimal.c:338:9:bfmin_calc_checksum	16	static
../Core/Src/blau_flash_minimal.c:352:13:bfmin_print_parameter	32	static
../Core/Src/blau_flash_minimal.c:371:13:bfmin_print_lifetime	8	static
../Core/Src/blau_flash_minimal.c:384:6:HAL_PWREx_PVD_Rising_Callback	8	static
../Core/Src/blau_flash_minimal.c:393:6:HAL_LPTIM_AutoReloadMatchCallback	40	static
../Core/Src/blau_flash_minimal.c:410:6:update_life_flash	32	static
