../Core/Src/stm32g0xx_it.c:75:6:NMI_Handler	8	static
../Core/Src/stm32g0xx_it.c:90:6:HardFault_Handler	8	static
../Core/Src/stm32g0xx_it.c:105:6:SVC_Handler	8	static
../Core/Src/stm32g0xx_it.c:118:6:PendSV_Handler	8	static
../Core/Src/stm32g0xx_it.c:131:6:SysTick_Handler	8	static
../Core/Src/stm32g0xx_it.c:152:6:PVD_IRQHandler	8	static
../Core/Src/stm32g0xx_it.c:166:6:EXTI4_15_IRQHandler	8	static
../Core/Src/stm32g0xx_it.c:180:6:DMA1_Channel1_IRQHandler	8	static
../Core/Src/stm32g0xx_it.c:194:6:DMA1_Channel2_3_IRQHandler	8	static
../Core/Src/stm32g0xx_it.c:208:6:ADC1_COMP_IRQHandler	8	static
../Core/Src/stm32g0xx_it.c:222:6:TIM6_DAC_LPTIM1_IRQHandler	8	static
../Core/Src/stm32g0xx_it.c:237:6:TIM16_IRQHandler	8	static
../Core/Src/stm32g0xx_it.c:251:6:USART3_4_LPUART1_IRQHandler	8	static
