../Core/Src/main.c:198:5:main	24	static,ignoring_inline_asm
../Core/Src/main.c:511:6:SystemClock_Config	88	static
../Core/Src/main.c:559:13:MX_ADC1_Init	24	static
../Core/Src/main.c:680:13:MX_CRC_Init	8	static
../Core/Src/main.c:711:13:MX_DAC1_Init	48	static
../Core/Src/main.c:761:13:MX_LPTIM1_Init	8	static
../Core/Src/main.c:795:13:MX_TIM16_Init	88	static
../Core/Src/main.c:857:13:MX_USART3_UART_Init	8	static
../Core/Src/main.c:891:13:MX_DMA_Init	16	static
../Core/Src/main.c:912:13:MX_GPIO_Init	48	static
../Core/Src/main.c:981:6:HAL_GPIO_EXTI_Falling_Callback	16	static
../Core/Src/main.c:992:6:HAL_GPIO_EXTI_Rising_Callback	16	static
../Core/Src/main.c:1032:6:HAL_ADC_ConvCpltCallback	16	static
../Core/Src/main.c:1087:6:HAL_TIM_PeriodElapsedCallback	16	static
../Core/Src/main.c:1091:9:check_serial	16	static
../Core/Src/main.c:1101:6:printlen	8	static
../Core/Src/main.c:1111:6:decode_command	96	static
../Core/Src/main.c:1172:6:HAL_UART_RxCpltCallback	16	static
../Core/Src/main.c:1231:6:calculateinterpol	8	static
../Core/Src/main.c:1239:10:interpolateDac	32	static
../Core/Src/main.c:1248:9:readThermistor	80	static
../Core/Src/main.c:1280:10:lifetime	48	static
../Core/Src/main.c:1327:10:tempcomp	40	static
../Core/Src/main.c:1355:6:Error_Handler	8	static
